[17:35:20] [main/INFO] (FabricLoader/GameProvider) Loading Minecraft 26.3 with Fabric Loader 0.19.5
[17:35:20] [main/DEBUG] (FabricLoader/GamePatch) Found game constructor: net.minecraft.client.main.Main -> net.minecraft.client.Minecraft
[17:35:20] [main/DEBUG] (FabricLoader/GamePatch) Patching game constructor <init>(Lnet/minecraft/client/main/GameConfig;)V
[17:35:20] [main/DEBUG] (FabricLoader/GamePatch) Run directory field is thought to be net/minecraft/client/Minecraft/gameDirectory
[17:35:20] [main/DEBUG] (FabricLoader/GamePatch) Applying brand name hook to net/minecraft/client/ClientBrandRetriever::getClientModName
[17:35:20] [main/DEBUG] (FabricLoader/GamePatch) Applying brand name hook to net/minecraft/server/MinecraftServer::getServerModName
[17:35:20] [main/DEBUG] (FabricLoader/GamePatch) Patched 3 classs
[17:35:20] [main/DEBUG] (FabricLoader/Discovery) Skipping missing class path group entry /Volumes/DATA/Projets/StopPauseMyMusic/out/production/classes
[17:35:20] [main/DEBUG] (FabricLoader/Discovery) Skipping missing class path group entry /Volumes/DATA/Projets/StopPauseMyMusic/out/production/resources
[17:35:20] [main/DEBUG] (FabricLoader/Discovery) Mod discovery time: 8,0 ms
[17:35:20] [main/DEBUG] (FabricLoader/Resolution) Mod resolution time: 15,2 ms
[17:35:20] [main/INFO] (FabricLoader) Loading 5 mods:
	- fabricloader 0.19.5
	- java 25
	- minecraft 26.3
	- mixinextras 0.5.5
	- stoppausemymusic 1.0-SNAPSHOT
[17:35:20] [main/DEBUG] (FabricLoader/Knot) Adding /Users/lucachinou/.gradle/caches/modules-2/files-2.1/io.github.llamalad7/mixinextras-fabric/0.5.5/d1055b99c0ab08a8403fe2da3d79ca28e6340a76/mixinextras-fabric-0.5.5.jar to classpath.
[17:35:20] [main/DEBUG] (FabricLoader/Knot) Adding /Volumes/DATA/Projets/StopPauseMyMusic/build/classes/java/main to classpath.
[17:35:20] [main/DEBUG] (FabricLoader/Knot) Adding /Volumes/DATA/Projets/StopPauseMyMusic/build/resources/main to classpath.
[17:35:20] [main/INFO] (FabricLoader/Mixin) SpongePowered MIXIN Subsystem Version=0.8.7 Source=file:/Users/lucachinou/.gradle/caches/modules-2/files-2.1/net.fabricmc/sponge-mixin/0.17.4+mixin.0.8.7/5f66cc9f59b8efaa942155a3d5a30599bf6640dd/sponge-mixin-0.17.4+mixin.0.8.7.jar Service=Knot/Fabric Env=CLIENT
[17:35:20] [main/DEBUG] (FabricLoader/Mixin) Initialising Mixin Platform Manager
[17:35:20] [main/DEBUG] (FabricLoader/Mixin) Adding mixin platform agents for container ContainerHandleURI(file:///Users/lucachinou/.gradle/caches/modules-2/files-2.1/net.fabricmc/fabric-loader/0.19.5/ff9e65cffca4a67f31523e1807fe0855940fcbfa/fabric-loader-0.19.5.jar)
[17:35:20] [main/DEBUG] (FabricLoader/Mixin) Instancing new MixinPlatformAgentDefault for ContainerHandleURI(file:///Users/lucachinou/.gradle/caches/modules-2/files-2.1/net.fabricmc/fabric-loader/0.19.5/ff9e65cffca4a67f31523e1807fe0855940fcbfa/fabric-loader-0.19.5.jar)
[17:35:20] [main/DEBUG] (FabricLoader/Mixin) MixinPlatformAgentDefault accepted container ContainerHandleURI(file:///Users/lucachinou/.gradle/caches/modules-2/files-2.1/net.fabricmc/fabric-loader/0.19.5/ff9e65cffca4a67f31523e1807fe0855940fcbfa/fabric-loader-0.19.5.jar)
[17:35:20] [main/DEBUG] (FabricLoader/Mixin) Instancing new MixinPlatformAgentDefault for ContainerHandleURI(file:///Users/lucachinou/.gradle/caches/modules-2/files-2.1/net.fabricmc/fabric-loader/0.19.5/ff9e65cffca4a67f31523e1807fe0855940fcbfa/fabric-loader-0.19.5.jar)
[17:35:20] [main/DEBUG] (FabricLoader/Mixin) MixinPlatformAgentDefault accepted container ContainerHandleURI(file:///Users/lucachinou/.gradle/caches/modules-2/files-2.1/net.fabricmc/fabric-loader/0.19.5/ff9e65cffca4a67f31523e1807fe0855940fcbfa/fabric-loader-0.19.5.jar)
[17:35:20] [main/DEBUG] (FabricLoader/Mixin) Processing prepare() for PlatformAgent[MixinPlatformAgentDefault:ContainerHandleURI(file:///Users/lucachinou/.gradle/caches/modules-2/files-2.1/net.fabricmc/fabric-loader/0.19.5/ff9e65cffca4a67f31523e1807fe0855940fcbfa/fabric-loader-0.19.5.jar)]
[17:35:20] [main/DEBUG] (FabricLoader/Mixin) Processing prepare() for PlatformAgent[MixinPlatformAgentDefault:ContainerHandleURI(file:///Users/lucachinou/.gradle/caches/modules-2/files-2.1/net.fabricmc/fabric-loader/0.19.5/ff9e65cffca4a67f31523e1807fe0855940fcbfa/fabric-loader-0.19.5.jar)]
[17:35:20] [main/DEBUG] (FabricLoader/Mixin) Compatibility level JAVA_21 specified by stoppausemymusic.client.mixins.json is higher than the maximum level supported by this version of mixin (JAVA_13).
[17:35:20] [main/DEBUG] (FabricLoader/Mixin) Compatibility level set to JAVA_21
[17:35:20] [main/DEBUG] (FabricLoader/Knot) Adding /Volumes/DATA/Projets/StopPauseMyMusic/run/.fabric/remappedJars/minecraft-26.3-0.19.5/client-named.jar to classpath.
[17:35:20] [main/DEBUG] (FabricLoader/Knot) Adding /Volumes/DATA/Projets/StopPauseMyMusic/build/classes/java/main to classpath.
[17:35:20] [main/DEBUG] (FabricLoader/Knot) Adding /Volumes/DATA/Projets/StopPauseMyMusic/build/resources/main to classpath.
[17:35:20] [main/DEBUG] (FabricLoader/Knot) Adding /Users/lucachinou/.gradle/caches/fabric-loom/26.3/null.unspecified.26_3.1.0-v2/mappings.jar to classpath.
[17:35:20] [main/DEBUG] (FabricLoader/Knot) Adding /Users/lucachinou/.gradle/caches/modules-2/files-2.1/io.github.llamalad7/mixinextras-fabric/0.5.5/d1055b99c0ab08a8403fe2da3d79ca28e6340a76/mixinextras-fabric-0.5.5.jar to classpath.
[17:35:20] [main/DEBUG] (FabricLoader/Knot) Adding /Users/lucachinou/.gradle/caches/modules-2/files-2.1/net.fabricmc/dev-launch-injector/0.2.1+build.8/da8bef7e6e2f952da707f282bdb46882a0fce5e3/dev-launch-injector-0.2.1+build.8.jar to classpath.
[17:35:20] [main/DEBUG] (FabricLoader/Knot) Adding /Users/lucachinou/.gradle/caches/modules-2/files-2.1/at.yawk.lz4/lz4-java/1.10.1/f541d7f910fe3d76f38f799c507c48cc81b12ecb/lz4-java-1.10.1.jar to classpath.
[17:35:20] [main/DEBUG] (FabricLoader/Knot) Adding /Users/lucachinou/.gradle/caches/modules-2/files-2.1/ca.weblite/java-objc-bridge/1.1/1227f9e0666314f9de41477e3ec277e542ed7f7b/java-objc-bridge-1.1.jar to classpath.
[17:35:20] [main/DEBUG] (FabricLoader/Knot) Adding /Users/lucachinou/.gradle/caches/modules-2/files-2.1/com.azure/azure-json/1.4.0/fcc1d354dbc3e0300e5276b1bf124d0247799cd8/azure-json-1.4.0.jar to classpath.
[17:35:20] [main/DEBUG] (FabricLoader/Knot) Adding /Users/lucachinou/.gradle/caches/modules-2/files-2.1/com.github.oshi/oshi-core/6.9.0/3224870731860cfcd7744581a05b559e94291e7/oshi-core-6.9.0.jar to classpath.
[17:35:20] [main/DEBUG] (FabricLoader/Knot) Adding /Users/lucachinou/.gradle/caches/modules-2/files-2.1/com.google.guava/failureaccess/1.0.3/aeaffd00d57023a2c947393ed251f0354f0985fc/failureaccess-1.0.3.jar to classpath.
[17:35:20] [main/DEBUG] (FabricLoader/Knot) Adding /Users/lucachinou/.gradle/caches/modules-2/files-2.1/com.google.guava/guava/33.6.0-jre/c376b13067cc99a5774403530953f7b05a91e218/guava-33.6.0-jre.jar to classpath.
[17:35:20] [main/DEBUG] (FabricLoader/Knot) Adding /Users/lucachinou/.gradle/caches/modules-2/files-2.1/com.ibm.icu/icu4j/78.3/6a851a53bb1f25689fc418dcc8935b0d93580adf/icu4j-78.3.jar to classpath.
[17:35:20] [main/DEBUG] (FabricLoader/Knot) Adding /Users/lucachinou/.gradle/caches/modules-2/files-2.1/com.microsoft.azure/msal4j/1.24.1/c233f2d047b9755f7041adf21a858c680e4c9242/msal4j-1.24.1.jar to classpath.
[17:35:20] [main/DEBUG] (FabricLoader/Knot) Adding /Users/lucachinou/.gradle/caches/modules-2/files-2.1/com.mojang/blocklist/1.0.10/5c685c5ffa94c4cd39496c7184c1d122e515ecef/blocklist-1.0.10.jar to classpath.
[17:35:20] [main/DEBUG] (FabricLoader/Knot) Adding /Users/lucachinou/.gradle/caches/modules-2/files-2.1/com.mojang/brigadier/1.3.11/3373d1e7bf00c8b99bed1ea4efb8c47344e4a887/brigadier-1.3.11.jar to classpath.
[17:35:20] [main/DEBUG] (FabricLoader/Knot) Adding /Users/lucachinou/.gradle/caches/modules-2/files-2.1/com.mojang/datafixerupper/10.0.21/b6b2ae770c02e0c1eb90f9985b151e9085a38d0b/datafixerupper-10.0.21.jar to classpath.
[17:35:20] [main/DEBUG] (FabricLoader/Knot) Adding /Users/lucachinou/.gradle/caches/modules-2/files-2.1/com.mojang/jtracy/1.14.38/cc2ad81342001b4281c305a298d7f50332354058/jtracy-1.14.38.jar to classpath.
[17:35:20] [main/DEBUG] (FabricLoader/Knot) Adding /Users/lucachinou/.gradle/caches/modules-2/files-2.1/com.mojang/jtracy/1.14.38/5ef8d24352733e915e35e8c39efb099520bcabcf/jtracy-1.14.38-natives-macos.jar to classpath.
[17:35:20] [main/DEBUG] (FabricLoader/Knot) Adding /Users/lucachinou/.gradle/caches/modules-2/files-2.1/com.mojang/jtracy/1.14.38/e5cad241e2c018c39d2b5e767e201ead40f93309/jtracy-1.14.38-natives-macos-arm64.jar to classpath.
[17:35:20] [main/DEBUG] (FabricLoader/Knot) Adding /Users/lucachinou/.gradle/caches/modules-2/files-2.1/com.mojang/patchy/2.2.10/da05971b07cbb379d002cf7eaec6a2048211fefc/patchy-2.2.10.jar to classpath.
[17:35:20] [main/DEBUG] (FabricLoader/Knot) Adding /Users/lucachinou/.gradle/caches/modules-2/files-2.1/com.mojang/text2speech/1.19.12/2e517a75c79d34d32de2b5d68422150836c2133e/text2speech-1.19.12.jar to classpath.
[17:35:20] [main/DEBUG] (FabricLoader/Knot) Adding /Users/lucachinou/.gradle/caches/modules-2/files-2.1/commons-codec/commons-codec/1.22.0/6b3eb4beb7058c2a638f5f17bcb388649fd339dd/commons-codec-1.22.0.jar to classpath.
[17:35:20] [main/DEBUG] (FabricLoader/Knot) Adding /Users/lucachinou/.gradle/caches/modules-2/files-2.1/commons-io/commons-io/2.20.0/36f3474daec2849c149e877614e7f979b2082cd2/commons-io-2.20.0.jar to classpath.
[17:35:20] [main/DEBUG] (FabricLoader/Knot) Adding /Users/lucachinou/.gradle/caches/modules-2/files-2.1/io.netty/netty-buffer/4.2.16.Final/5397ef65dcb60670e0e0dba4854522873af3070/netty-buffer-4.2.16.Final.jar to classpath.
[17:35:20] [main/DEBUG] (FabricLoader/Knot) Adding /Users/lucachinou/.gradle/caches/modules-2/files-2.1/io.netty/netty-codec-base/4.2.16.Final/1a01d45a9efc228c6d747525848b065e0656b5f/netty-codec-base-4.2.16.Final.jar to classpath.
[17:35:20] [main/DEBUG] (FabricLoader/Knot) Adding /Users/lucachinou/.gradle/caches/modules-2/files-2.1/io.netty/netty-codec-compression/4.2.16.Final/bdbbcfcdbe217b95c14a04df4fc5d31213d5c27c/netty-codec-compression-4.2.16.Final.jar to classpath.
[17:35:20] [main/DEBUG] (FabricLoader/Knot) Adding /Users/lucachinou/.gradle/caches/modules-2/files-2.1/io.netty/netty-codec-http/4.2.16.Final/b5e0715df90047ee5a0138c8f704f43c751009e4/netty-codec-http-4.2.16.Final.jar to classpath.
[17:35:20] [main/DEBUG] (FabricLoader/Knot) Adding /Users/lucachinou/.gradle/caches/modules-2/files-2.1/io.netty/netty-common/4.2.16.Final/c2bc7fa5acfa2afc777e944d84f0aa65559cc81e/netty-common-4.2.16.Final.jar to classpath.
[17:35:20] [main/DEBUG] (FabricLoader/Knot) Adding /Users/lucachinou/.gradle/caches/modules-2/files-2.1/io.netty/netty-handler/4.2.16.Final/cc82873ae4b6d14effe480740ad838de09add70d/netty-handler-4.2.16.Final.jar to classpath.
[17:35:20] [main/DEBUG] (FabricLoader/Knot) Adding /Users/lucachinou/.gradle/caches/modules-2/files-2.1/io.netty/netty-resolver/4.2.16.Final/fcea6d64273b59ab9127b68c16ae98af34642139/netty-resolver-4.2.16.Final.jar to classpath.
[17:35:20] [main/DEBUG] (FabricLoader/Knot) Adding /Users/lucachinou/.gradle/caches/modules-2/files-2.1/io.netty/netty-transport-classes-epoll/4.2.16.Final/cf90c7b892e284ba9f1545dce170168369b3b9d6/netty-transport-classes-epoll-4.2.16.Final.jar to classpath.
[17:35:20] [main/DEBUG] (FabricLoader/Knot) Adding /Users/lucachinou/.gradle/caches/modules-2/files-2.1/io.netty/netty-transport-classes-kqueue/4.2.16.Final/fa2bcf8c71626510f6fae173f78182117b70f7a/netty-transport-classes-kqueue-4.2.16.Final.jar to classpath.
[17:35:20] [main/DEBUG] (FabricLoader/Knot) Adding /Users/lucachinou/.gradle/caches/modules-2/files-2.1/io.netty/netty-transport-native-kqueue/4.2.16.Final/ddb942cad6c0e978caa2215757512b36c5ffacec/netty-transport-native-kqueue-4.2.16.Final-osx-aarch_64.jar to classpath.
[17:35:20] [main/DEBUG] (FabricLoader/Knot) Adding /Users/lucachinou/.gradle/caches/modules-2/files-2.1/io.netty/netty-transport-native-kqueue/4.2.16.Final/dd9d41b06355a6a1815d902ee087a693aab83755/netty-transport-native-kqueue-4.2.16.Final-osx-x86_64.jar to classpath.
[17:35:20] [main/DEBUG] (FabricLoader/Knot) Adding /Users/lucachinou/.gradle/caches/modules-2/files-2.1/io.netty/netty-transport-native-unix-common/4.2.16.Final/3cf32390f1b80af890ac44aa0698c2ff58c2a4d7/netty-transport-native-unix-common-4.2.16.Final.jar to classpath.
[17:35:20] [main/DEBUG] (FabricLoader/Knot) Adding /Users/lucachinou/.gradle/caches/modules-2/files-2.1/io.netty/netty-transport/4.2.16.Final/ae87a3bec51d503475a19fbd718bf777f2fc06c6/netty-transport-4.2.16.Final.jar to classpath.
[17:35:20] [main/DEBUG] (FabricLoader/Knot) Adding /Users/lucachinou/.gradle/caches/modules-2/files-2.1/it.unimi.dsi/fastutil/8.5.18/a6cff377eecc19c2037bf31568a6d7106b50ba1f/fastutil-8.5.18.jar to classpath.
[17:35:20] [main/DEBUG] (FabricLoader/Knot) Adding /Users/lucachinou/.gradle/caches/modules-2/files-2.1/net.java.dev.jna/jna-platform/5.17.0/a4934c44d25a9d8c2ddf4203affd20330cb3426f/jna-platform-5.17.0.jar to classpath.
[17:35:20] [main/DEBUG] (FabricLoader/Knot) Adding /Users/lucachinou/.gradle/caches/modules-2/files-2.1/net.java.dev.jna/jna/5.17.0/33d12735bef894440780fce64f9758d420c7bae2/jna-5.17.0.jar to classpath.
[17:35:20] [main/DEBUG] (FabricLoader/Knot) Adding /Users/lucachinou/.gradle/caches/modules-2/files-2.1/net.sf.jopt-simple/jopt-simple/5.0.4/4fdac2fbe92dfad86aa6e9301736f6b4342a3f5c/jopt-simple-5.0.4.jar to classpath.
[17:35:20] [main/DEBUG] (FabricLoader/Knot) Adding /Users/lucachinou/.gradle/caches/modules-2/files-2.1/org.apache.commons/commons-compress/1.28.0/e482f2c7a88dac3c497e96aa420b6a769f59c8d7/commons-compress-1.28.0.jar to classpath.
[17:35:20] [main/DEBUG] (FabricLoader/Knot) Adding /Users/lucachinou/.gradle/caches/modules-2/files-2.1/org.apache.commons/commons-lang3/3.20.0/65897b3e5731220962e659e001904af3c3cbeba9/commons-lang3-3.20.0.jar to classpath.
[17:35:20] [main/DEBUG] (FabricLoader/Knot) Adding /Users/lucachinou/.gradle/caches/modules-2/files-2.1/org.jcraft/jorbis/0.0.17/8872d22b293e8f5d7d56ff92be966e6dc28ebdc6/jorbis-0.0.17.jar to classpath.
[17:35:20] [main/DEBUG] (FabricLoader/Knot) Adding /Users/lucachinou/.gradle/caches/modules-2/files-2.1/org.joml/joml/1.10.9/438e036486bad66b189bff385dd07dea4f74a146/joml-1.10.9.jar to classpath.
[17:35:20] [main/DEBUG] (FabricLoader/Knot) Adding /Users/lucachinou/.gradle/caches/modules-2/files-2.1/org.jspecify/jspecify/1.0.0/7425a601c1c7ec76645a78d22b8c6a627edee507/jspecify-1.0.0.jar to classpath.
[17:35:20] [main/DEBUG] (FabricLoader/Knot) Adding /Users/lucachinou/.gradle/caches/modules-2/files-2.1/org.lwjgl/lwjgl-freetype/3.4.3/d2b12961d44f92860fb1ab501f9c69b7a2975236/lwjgl-freetype-3.4.3.jar to classpath.
[17:35:20] [main/DEBUG] (FabricLoader/Knot) Adding /Users/lucachinou/.gradle/caches/modules-2/files-2.1/org.lwjgl/lwjgl-freetype/3.4.3/6787804906997dcc4f22c99f0235f0f07bdd2559/lwjgl-freetype-3.4.3-natives-macos.jar to classpath.
[17:35:20] [main/DEBUG] (FabricLoader/Knot) Adding /Users/lucachinou/.gradle/caches/modules-2/files-2.1/org.lwjgl/lwjgl-freetype/3.4.3/2b6c33ec08fe2950de44bd40f6f3ff45ffa2e53e/lwjgl-freetype-3.4.3-natives-macos-arm64.jar to classpath.
[17:35:20] [main/DEBUG] (FabricLoader/Knot) Adding /Users/lucachinou/.gradle/caches/modules-2/files-2.1/org.lwjgl/lwjgl-jemalloc/3.4.3/350f317eaf5295b1e53f6664ef5fdeeaaa7dcbf0/lwjgl-jemalloc-3.4.3.jar to classpath.
[17:35:20] [main/DEBUG] (FabricLoader/Knot) Adding /Users/lucachinou/.gradle/caches/modules-2/files-2.1/org.lwjgl/lwjgl-jemalloc/3.4.3/ea839adbed91b7423f7e0cbe7dfaabcb922f1a64/lwjgl-jemalloc-3.4.3-natives-macos.jar to classpath.
[17:35:20] [main/DEBUG] (FabricLoader/Knot) Adding /Users/lucachinou/.gradle/caches/modules-2/files-2.1/org.lwjgl/lwjgl-jemalloc/3.4.3/e3b0e4bb74f9ff9c9165638cebe8efb49af3d599/lwjgl-jemalloc-3.4.3-natives-macos-arm64.jar to classpath.
[17:35:20] [main/DEBUG] (FabricLoader/Knot) Adding /Users/lucachinou/.gradle/caches/modules-2/files-2.1/org.lwjgl/lwjgl-openal/3.4.3/32b52cda5af6937a4e4bd321bdb83082025cb332/lwjgl-openal-3.4.3.jar to classpath.
[17:35:20] [main/DEBUG] (FabricLoader/Knot) Adding /Users/lucachinou/.gradle/caches/modules-2/files-2.1/org.lwjgl/lwjgl-openal/3.4.3/7aaf1d333ee024867c7a55790d568f1435d9c3f2/lwjgl-openal-3.4.3-natives-macos.jar to classpath.
[17:35:20] [main/DEBUG] (FabricLoader/Knot) Adding /Users/lucachinou/.gradle/caches/modules-2/files-2.1/org.lwjgl/lwjgl-openal/3.4.3/12ab2b7de803ea315a56f39aebfcf148823ffe01/lwjgl-openal-3.4.3-natives-macos-arm64.jar to classpath.
[17:35:20] [main/DEBUG] (FabricLoader/Knot) Adding /Users/lucachinou/.gradle/caches/modules-2/files-2.1/org.lwjgl/lwjgl-opengl/3.4.3/b81769ee48050f8c71e70839505f350bf9219d90/lwjgl-opengl-3.4.3.jar to classpath.
[17:35:20] [main/DEBUG] (FabricLoader/Knot) Adding /Users/lucachinou/.gradle/caches/modules-2/files-2.1/org.lwjgl/lwjgl-opengl/3.4.3/fa2d57d9983c89503ee63d6d508f87c25e40a1cd/lwjgl-opengl-3.4.3-natives-macos.jar to classpath.
[17:35:20] [main/DEBUG] (FabricLoader/Knot) Adding /Users/lucachinou/.gradle/caches/modules-2/files-2.1/org.lwjgl/lwjgl-opengl/3.4.3/102115f47189fbdaecce4f6e1bbff60f0435284b/lwjgl-opengl-3.4.3-natives-macos-arm64.jar to classpath.
[17:35:20] [main/DEBUG] (FabricLoader/Knot) Adding /Users/lucachinou/.gradle/caches/modules-2/files-2.1/org.lwjgl/lwjgl-sdl/3.4.3/c02146735d6ff70d070c73532b435e5c893a346b/lwjgl-sdl-3.4.3.jar to classpath.
[17:35:20] [main/DEBUG] (FabricLoader/Knot) Adding /Users/lucachinou/.gradle/caches/modules-2/files-2.1/org.lwjgl/lwjgl-sdl/3.4.3/ac6ff9cd41e8c819f69ea7c9569e58cfae3a7c75/lwjgl-sdl-3.4.3-natives-macos.jar to classpath.
[17:35:20] [main/DEBUG] (FabricLoader/Knot) Adding /Users/lucachinou/.gradle/caches/modules-2/files-2.1/org.lwjgl/lwjgl-sdl/3.4.3/9165eaef243de41f544decabda5553181667a44d/lwjgl-sdl-3.4.3-natives-macos-arm64.jar to classpath.
[17:35:20] [main/DEBUG] (FabricLoader/Knot) Adding /Users/lucachinou/.gradle/caches/modules-2/files-2.1/org.lwjgl/lwjgl-shaderc/3.4.3/ba9fbc8fc4d50b3e4b436cc958ddb4abdb05867c/lwjgl-shaderc-3.4.3.jar to classpath.
[17:35:20] [main/DEBUG] (FabricLoader/Knot) Adding /Users/lucachinou/.gradle/caches/modules-2/files-2.1/org.lwjgl/lwjgl-shaderc/3.4.3/c3c180935dbc3fd2301c4195c1d0eb265537c836/lwjgl-shaderc-3.4.3-natives-macos.jar to classpath.
[17:35:20] [main/DEBUG] (FabricLoader/Knot) Adding /Users/lucachinou/.gradle/caches/modules-2/files-2.1/org.lwjgl/lwjgl-shaderc/3.4.3/89bf79fc7200f1fa73563c9ab25316723145b4ba/lwjgl-shaderc-3.4.3-natives-macos-arm64.jar to classpath.
[17:35:20] [main/DEBUG] (FabricLoader/Knot) Adding /Users/lucachinou/.gradle/caches/modules-2/files-2.1/org.lwjgl/lwjgl-spvc/3.4.3/98e5b5ef5159100b26a169a9aed6c24e820e3eaa/lwjgl-spvc-3.4.3.jar to classpath.
[17:35:20] [main/DEBUG] (FabricLoader/Knot) Adding /Users/lucachinou/.gradle/caches/modules-2/files-2.1/org.lwjgl/lwjgl-spvc/3.4.3/82fd32526a143282a6fdc8d1f51cc95ea2e23f5a/lwjgl-spvc-3.4.3-natives-macos.jar to classpath.
[17:35:20] [main/DEBUG] (FabricLoader/Knot) Adding /Users/lucachinou/.gradle/caches/modules-2/files-2.1/org.lwjgl/lwjgl-spvc/3.4.3/4b8d46f798f3d5d5185450ce1125f99eb3bf62dd/lwjgl-spvc-3.4.3-natives-macos-arm64.jar to classpath.
[17:35:20] [main/DEBUG] (FabricLoader/Knot) Adding /Users/lucachinou/.gradle/caches/modules-2/files-2.1/org.lwjgl/lwjgl-stb/3.4.3/cdce54785bd3758e44a81f345d6260774d921c78/lwjgl-stb-3.4.3.jar to classpath.
[17:35:20] [main/DEBUG] (FabricLoader/Knot) Adding /Users/lucachinou/.gradle/caches/modules-2/files-2.1/org.lwjgl/lwjgl-stb/3.4.3/3b4a6438e19f79f4a065f231731fcd37263e7296/lwjgl-stb-3.4.3-natives-macos.jar to classpath.
[17:35:20] [main/DEBUG] (FabricLoader/Knot) Adding /Users/lucachinou/.gradle/caches/modules-2/files-2.1/org.lwjgl/lwjgl-stb/3.4.3/fbbcc42d384898287f92689e65c35e8969d820c0/lwjgl-stb-3.4.3-natives-macos-arm64.jar to classpath.
[17:35:20] [main/DEBUG] (FabricLoader/Knot) Adding /Users/lucachinou/.gradle/caches/modules-2/files-2.1/org.lwjgl/lwjgl-vma/3.4.3/816a6ac87f1e447e5346ca0e7a1078353f51fbd6/lwjgl-vma-3.4.3.jar to classpath.
[17:35:20] [main/DEBUG] (FabricLoader/Knot) Adding /Users/lucachinou/.gradle/caches/modules-2/files-2.1/org.lwjgl/lwjgl-vma/3.4.3/cf46adfca6794642ed89658a28c13bdf58b87017/lwjgl-vma-3.4.3-natives-macos.jar to classpath.
[17:35:20] [main/DEBUG] (FabricLoader/Knot) Adding /Users/lucachinou/.gradle/caches/modules-2/files-2.1/org.lwjgl/lwjgl-vma/3.4.3/cf3e7dec8869e955ba4d7cc47699823dd139a461/lwjgl-vma-3.4.3-natives-macos-arm64.jar to classpath.
[17:35:20] [main/DEBUG] (FabricLoader/Knot) Adding /Users/lucachinou/.gradle/caches/modules-2/files-2.1/org.lwjgl/lwjgl-vulkan/3.4.3/ffdaf1898192059f059d66f9fa37e3debcac10e0/lwjgl-vulkan-3.4.3.jar to classpath.
[17:35:20] [main/DEBUG] (FabricLoader/Knot) Adding /Users/lucachinou/.gradle/caches/modules-2/files-2.1/org.lwjgl/lwjgl-vulkan/3.4.3/437e39098c91fe33d5e6683920fafe4a9fafd27a/lwjgl-vulkan-3.4.3-natives-macos.jar to classpath.
[17:35:20] [main/DEBUG] (FabricLoader/Knot) Adding /Users/lucachinou/.gradle/caches/modules-2/files-2.1/org.lwjgl/lwjgl-vulkan/3.4.3/5793efc9c640ee0a615f5e45d42eeec686e12704/lwjgl-vulkan-3.4.3-natives-macos-arm64.jar to classpath.
[17:35:20] [main/DEBUG] (FabricLoader/Knot) Adding /Users/lucachinou/.gradle/caches/modules-2/files-2.1/org.lwjgl/lwjgl/3.4.3/7ab5265a73d8a959ed62332d546536ae6be2f0d5/lwjgl-3.4.3.jar to classpath.
[17:35:20] [main/DEBUG] (FabricLoader/Knot) Adding /Users/lucachinou/.gradle/caches/modules-2/files-2.1/org.lwjgl/lwjgl/3.4.3/ca43c26e86ed9805f3b3e2ffdb9ccb965aabd083/lwjgl-3.4.3-natives-macos.jar to classpath.
[17:35:20] [main/DEBUG] (FabricLoader/Knot) Adding /Users/lucachinou/.gradle/caches/modules-2/files-2.1/org.lwjgl/lwjgl/3.4.3/9e41227b9e0aca9510f3196d45b3c6dd4048bd78/lwjgl-3.4.3-natives-macos-arm64.jar to classpath.
[17:35:20] [main/DEBUG] (FabricLoader/Entrypoint) No subscribers for entrypoint 'preLaunch'
[17:35:20] [main/DEBUG] (FabricLoader/Mixin) Preparing mixins for MixinEnvironment[DEFAULT]
[17:35:20] [main/DEBUG] (FabricLoader/Mixin) Selecting config mixinextras.init.mixins.json
[17:35:20] [main/DEBUG] (FabricLoader/MixinExtras|Service) com.llamalad7.mixinextras.service.MixinExtrasServiceImpl(version=0.5.5) is taking over from null
[17:35:20] [main/DEBUG] (FabricLoader/Mixin) Registering new injector for @Inject with org.spongepowered.asm.mixin.injection.struct.CallbackInjectionInfo
[17:35:20] [main/DEBUG] (FabricLoader/Mixin) Registering new injector for @ModifyArg with org.spongepowered.asm.mixin.injection.struct.ModifyArgInjectionInfo
[17:35:20] [main/DEBUG] (FabricLoader/Mixin) Registering new injector for @ModifyArgs with org.spongepowered.asm.mixin.injection.struct.ModifyArgsInjectionInfo
[17:35:20] [main/DEBUG] (FabricLoader/Mixin) Registering new injector for @Redirect with org.spongepowered.asm.mixin.injection.struct.RedirectInjectionInfo
[17:35:20] [main/DEBUG] (FabricLoader/Mixin) Registering new injector for @ModifyVariable with org.spongepowered.asm.mixin.injection.struct.ModifyVariableInjectionInfo
[17:35:20] [main/DEBUG] (FabricLoader/Mixin) Registering new injector for @ModifyConstant with org.spongepowered.asm.mixin.injection.struct.ModifyConstantInjectionInfo
[17:35:20] [main/DEBUG] (FabricLoader/Mixin) Selecting config stoppausemymusic.client.mixins.json
[17:35:20] [main/DEBUG] (FabricLoader/Mixin) Preparing mixinextras.init.mixins.json (0)
[17:35:20] [main/DEBUG] (FabricLoader/Mixin) Preparing stoppausemymusic.client.mixins.json (5)
[17:35:20] [main/DEBUG] (io.netty.util.internal.logging.InternalLoggerFactory) Using SLF4J as the default logging framework
[17:35:20] [main/DEBUG] (io.netty.util.ResourceLeakDetector) -Dio.netty.leakDetection.level: simple
[17:35:20] [main/DEBUG] (io.netty.util.ResourceLeakDetector) -Dio.netty.leakDetection.targetRecords: 4
[17:35:20] [main/DEBUG] (com.mojang.blaze3d.platform.NativeLibrariesBootstrap) Loading LWJGL system
[17:35:21] [main/DEBUG] (com.mojang.blaze3d.platform.NativeLibrariesBootstrap) Loading vma
[17:35:21] [main/DEBUG] (com.mojang.blaze3d.platform.NativeLibrariesBootstrap) Loading freetype
[17:35:21] [main/DEBUG] (com.mojang.blaze3d.platform.NativeLibrariesBootstrap) Loading STB
[17:35:21] [main/DEBUG] (com.mojang.blaze3d.platform.NativeLibrariesBootstrap) Loading OpenAL
[17:35:21] [main/DEBUG] (com.mojang.blaze3d.platform.NativeLibrariesBootstrap) Loading OpenGL
[17:35:21] [main/DEBUG] (com.mojang.blaze3d.platform.NativeLibrariesBootstrap) Loading shaderc
[17:35:21] [main/DEBUG] (com.mojang.blaze3d.platform.NativeLibrariesBootstrap) Loading SDL
[17:35:21] [main/DEBUG] (com.mojang.blaze3d.platform.NativeLibrariesBootstrap) Loading spvc
[17:35:21] [main/DEBUG] (com.mojang.blaze3d.platform.NativeLibrariesBootstrap) Library load time: 261 ms
[17:35:21] [Datafixer Bootstrap #0/INFO] (com.mojang.datafixers.DataFixerBuilder) 307 Datafixer optimizations took 183 milliseconds
[17:35:22] [main/WARN] (oshi.software.os.mac.MacOperatingSystem) Unable to parse version 27.0 to a codename.
[17:35:22] [main/WARN] (oshi.software.os.mac.MacOperatingSystem) Unable to parse version 27.0 to a codename.
[17:35:22] [main/INFO] (FabricLoader/MixinExtras|Service) Initializing MixinExtras via com.llamalad7.mixinextras.service.MixinExtrasServiceImpl(version=0.5.5).
[17:35:22] [main/DEBUG] (FabricLoader/Mixin) Registering new injector for @SugarWrapper with com.llamalad7.mixinextras.sugar.impl.SugarWrapperInjectionInfo
[17:35:22] [main/DEBUG] (FabricLoader/Mixin) Registering new injector for @FactoryRedirectWrapper with com.llamalad7.mixinextras.wrapper.factory.FactoryRedirectWrapperInjectionInfo
[17:35:22] [main/DEBUG] (FabricLoader/Mixin) Registering new injector for @ExpressionInjectorWrapper with com.llamalad7.mixinextras.expression.impl.wrapper.ExpressionInjectorWrapperInjectionInfo
[17:35:22] [main/DEBUG] (FabricLoader/Mixin) Mixing MinecraftClientMixin from stoppausemymusic.client.mixins.json into net.minecraft.client.Minecraft
[17:35:22] [main/DEBUG] (FabricLoader/Mixin) stoppausemymusic.client.mixins.json:MinecraftClientMixin from mod stoppausemymusic->@Inject::stoppausemymusic$preserveCurrentMusicBeforeSetLevel(Lnet/minecraft/client/multiplayer/ClientLevel;Lorg/spongepowered/asm/mixin/injection/callback/CallbackInfo;)V doesn't use it's CallbackInfo
[17:35:22] [main/DEBUG] (FabricLoader/Mixin) stoppausemymusic.client.mixins.json:MinecraftClientMixin from mod stoppausemymusic->@Inject::stoppausemymusic$preserveCurrentMusicBeforeSetLevel(Lnet/minecraft/client/multiplayer/ClientLevel;Lorg/spongepowered/asm/mixin/injection/callback/CallbackInfo;)V has 0 override(s) in child classes
[17:35:22] [main/DEBUG] (FabricLoader/Mixin) stoppausemymusic.client.mixins.json:MinecraftClientMixin from mod stoppausemymusic->@Inject::stoppausemymusic$preserveCurrentMusicBeforeSetLevel(Lnet/minecraft/client/multiplayer/ClientLevel;Lorg/spongepowered/asm/mixin/injection/callback/CallbackInfo;)V won't be passed a CallbackInfo as a result
[17:35:22] [main/DEBUG] (FabricLoader/Mixin) stoppausemymusic.client.mixins.json:MinecraftClientMixin from mod stoppausemymusic->@Inject::stoppausemymusic$preserveCurrentMusicBeforeDisconnect(Lnet/minecraft/client/gui/screens/Screen;ZLorg/spongepowered/asm/mixin/injection/callback/CallbackInfo;)V doesn't use it's CallbackInfo
[17:35:22] [main/DEBUG] (FabricLoader/Mixin) stoppausemymusic.client.mixins.json:MinecraftClientMixin from mod stoppausemymusic->@Inject::stoppausemymusic$preserveCurrentMusicBeforeDisconnect(Lnet/minecraft/client/gui/screens/Screen;ZLorg/spongepowered/asm/mixin/injection/callback/CallbackInfo;)V has 0 override(s) in child classes
[17:35:22] [main/DEBUG] (FabricLoader/Mixin) stoppausemymusic.client.mixins.json:MinecraftClientMixin from mod stoppausemymusic->@Inject::stoppausemymusic$preserveCurrentMusicBeforeDisconnect(Lnet/minecraft/client/gui/screens/Screen;ZLorg/spongepowered/asm/mixin/injection/callback/CallbackInfo;)V won't be passed a CallbackInfo as a result
[17:35:22] [main/DEBUG] (FabricLoader/Mixin) stoppausemymusic.client.mixins.json:MinecraftClientMixin from mod stoppausemymusic->@Inject::stoppausemymusic$preserveCurrentMusicBeforeClearClientLevel(Lnet/minecraft/client/gui/screens/Screen;Lorg/spongepowered/asm/mixin/injection/callback/CallbackInfo;)V doesn't use it's CallbackInfo
[17:35:22] [main/DEBUG] (FabricLoader/Mixin) stoppausemymusic.client.mixins.json:MinecraftClientMixin from mod stoppausemymusic->@Inject::stoppausemymusic$preserveCurrentMusicBeforeClearClientLevel(Lnet/minecraft/client/gui/screens/Screen;Lorg/spongepowered/asm/mixin/injection/callback/CallbackInfo;)V has 0 override(s) in child classes
[17:35:22] [main/DEBUG] (FabricLoader/Mixin) stoppausemymusic.client.mixins.json:MinecraftClientMixin from mod stoppausemymusic->@Inject::stoppausemymusic$preserveCurrentMusicBeforeClearClientLevel(Lnet/minecraft/client/gui/screens/Screen;Lorg/spongepowered/asm/mixin/injection/callback/CallbackInfo;)V won't be passed a CallbackInfo as a result
[17:35:22] [main/ERROR] (FabricLoader) Minecraft has crashed!
net.fabricmc.loader.impl.FormattedException: java.lang.NoClassDefFoundError: net/fabricmc/fabric/api/attachment/v1/AttachmentTarget
	at net.fabricmc.loader.impl.FormattedException.ofLocalized(FormattedException.java:63)
	at net.fabricmc.loader.impl.game.minecraft.MinecraftGameProvider.launch(MinecraftGameProvider.java:519)
	at net.fabricmc.loader.impl.launch.knot.Knot.launch(Knot.java:72)
	at net.fabricmc.loader.impl.launch.knot.KnotClient.main(KnotClient.java:23)
	at net.fabricmc.devlaunchinjector.Main.main(Main.java:86)
Caused by: java.lang.NoClassDefFoundError: net/fabricmc/fabric/api/attachment/v1/AttachmentTarget
	at java.base/java.lang.ClassLoader.defineClass1(Native Method)
	at java.base/java.lang.ClassLoader.defineClass(ClassLoader.java:962)
	at java.base/java.security.SecureClassLoader.defineClass(SecureClassLoader.java:144)
	at net.fabricmc.loader.impl.launch.knot.KnotClassLoader.defineClassFwd(KnotClassLoader.java:165)
	at net.fabricmc.loader.impl.launch.knot.KnotClassDelegate.tryLoadClass(KnotClassDelegate.java:368)
	at net.fabricmc.loader.impl.launch.knot.KnotClassDelegate.loadClass(KnotClassDelegate.java:231)
	at net.fabricmc.loader.impl.launch.knot.KnotClassLoader.loadClass(KnotClassLoader.java:119)
	at java.base/java.lang.ClassLoader.loadClass(ClassLoader.java:490)
	at java.base/java.lang.ClassLoader.defineClass1(Native Method)
	at java.base/java.lang.ClassLoader.defineClass(ClassLoader.java:962)
	at java.base/java.security.SecureClassLoader.defineClass(SecureClassLoader.java:144)
	at net.fabricmc.loader.impl.launch.knot.KnotClassLoader.defineClassFwd(KnotClassLoader.java:165)
	at net.fabricmc.loader.impl.launch.knot.KnotClassDelegate.tryLoadClass(KnotClassDelegate.java:368)
	at net.fabricmc.loader.impl.launch.knot.KnotClassDelegate.loadClass(KnotClassDelegate.java:231)
	at net.fabricmc.loader.impl.launch.knot.KnotClassLoader.loadClass(KnotClassLoader.java:119)
	at java.base/java.lang.ClassLoader.loadClass(ClassLoader.java:490)
	at knot//net.minecraft.client.main.Main.main(Main.java:251)
	at net.fabricmc.loader.impl.game.minecraft.MinecraftGameProvider.launch(MinecraftGameProvider.java:517)
	... 3 more
Caused by: java.lang.ClassNotFoundException: net.fabricmc.fabric.api.attachment.v1.AttachmentTarget
	at java.base/jdk.internal.loader.BuiltinClassLoader.loadClass(BuiltinClassLoader.java:580)
	at java.base/java.lang.ClassLoader.loadClass(ClassLoader.java:490)
	at net.fabricmc.loader.impl.launch.knot.KnotClassDelegate.loadClass(KnotClassDelegate.java:239)
	at net.fabricmc.loader.impl.launch.knot.KnotClassLoader.loadClass(KnotClassLoader.java:119)
	at java.base/java.lang.ClassLoader.loadClass(ClassLoader.java:490)
	... 21 more
